sfsymbols: wrote /Applications/novolinelatest/sf-symbols-icons/icons/square.and.arrow.up.circle.fill.png
sfsymbols: wrote /Applications/novolinelatest/sf-symbols-icons/icons/square.and.arrow.up.png
sfsymbols: wrote /Applications/novolinelatest/sf-symbols-icons/icons/square.and.arrow.up.fill.png
sfsymbols: wrote /Applications/novolinelatest/sf-symbols-icons/icons/square.and.arrow.up.badge.clock.png
sfsymbols: wrote /Applications/novolinelatest/sf-symbols-icons/icons/square.and.arrow.up.circle.png
sfsymbols: wrote /Applications/novolinelatest/sf-symbols-icons/icons/square.and.arrow.up.badge.clock.fill.png
sfsymbols: wrote /Applications/novolinelatest/sf-symbols-icons/icons/square.and.arrow.down.fill.png
sfsymbols: wrote /Applications/novolinelatest/sf-symbols-icons/icons/square.and.arrow.down.png
sfsymbols: wrote /Applications/novolinelatest/sf-symbols-icons/icons/square.and.arrow.up.trianglebadge.exclamationmark.fill.png
sfsymbols: wrote /Applications/novolinelatest/sf-symbols-icons/icons/square.and.arrow.up.badge.checkmark.fill.png
sfsymbols: wrote /Applications/novolinelatest/sf-symbols-icons/icons/square.and.arrow.up.badge.checkmark.png
sfsymbols: wrote /Applications/novolinelatest/sf-symbols-icons/icons/square.and.arrow.up.trianglebadge.exclamationmark.png
sfsymbols: wrote /Applications/novolinelatest/sf-symbols-icons/icons/square.and.arrow.down.badge.clock.fill.png
sfsymbols: wrote /Applications/novolinelatest/sf-symbols-icons/icons/square.and.arrow.down.badge.xmark.png
sfsymbols: wrote /Applications/novolinelatest/sf-symbols-icons/icons/square.and.arrow.down.badge.clock.png
sfsymbols: wrote /Applications/novolinelatest/sf-symbols-icons/icons/square.and.arrow.down.badge.checkmark.png
sfsymbols: wrote /Applications/novolinelatest/sf-symbols-icons/icons/square.and.arrow.down.badge.xmark.fill.png
sfsymbols: wrote /Applications/novolinelatest/sf-symbols-icons/icons/square.and.arrow.down.badge.checkmark.fill.png
sfsymbols: wrote /Applications/novolinelatest/sf-symbols-icons/icons/rectangle.portrait.and.arrow.right.fill.png
sfsymbols: wrote /Applications/novolinelatest/sf-symbols-icons/icons/rectangle.portrait.and.arrow.right.png
sfsymbols: wrote /Applications/novolinelatest/sf-symbols-icons/icons/square.and.arrow.down.on.square.png
sfsymbols: wrote /Applications/novolinelatest/sf-symbols-icons/icons/square.and.arrow.up.on.square.png
sfsymbols: wrote /Applications/novolinelatest/sf-symbols-icons/icons/square.and.arrow.up.on.square.fill.png
sfsymbols: wrote /Applications/novolinelatest/sf-symbols-icons/icons/square.and.arrow.down.on.square.fill.png
sfsymbols: wrote /Applications/novolinelatest/sf-symbols-icons/icons/rectangle.portrait.and.arrow.forward.fill.png
sfsymbols: wrote /Applications/novolinelatest/sf-symbols-icons/icons/rectangle.portrait.and.arrow.forward.png
sfsymbols: wrote /Applications/novolinelatest/sf-symbols-icons/icons/pencil.circle.fill.png
sfsymbols: wrote /Applications/novolinelatest/sf-symbols-icons/icons/pencil.circle.png
sfsymbols: wrote /Applications/novolinelatest/sf-symbols-icons/icons/pencil.png
sfsymbols: wrote /Applications/novolinelatest/sf-symbols-icons/icons/pencil.slash.png
sfsymbols: wrote /Applications/novolinelatest/sf-symbols-icons/icons/eraser.badge.xmark.png
sfsymbols: wrote /Applications/novolinelatest/sf-symbols-icons/icons/pencil.line.png
sfsymbols: wrote /Applications/novolinelatest/sf-symbols-icons/icons/eraser.trianglebadge.exclamationmark.png
sfsymbols: wrote /Applications/novolinelatest/sf-symbols-icons/icons/eraser.fill.png
sfsymbols: wrote /Applications/novolinelatest/sf-symbols-icons/icons/eraser.png
sfsymbols: wrote /Applications/novolinelatest/sf-symbols-icons/icons/eraser.badge.xmark.fill.png
sfsymbols: wrote /Applications/novolinelatest/sf-symbols-icons/icons/eraser.line.dashed.fill.png
sfsymbols: wrote /Applications/novolinelatest/sf-symbols-icons/icons/eraser.trianglebadge.exclamationmark.fill.png
sfsymbols: wrote /Applications/novolinelatest/sf-symbols-icons/icons/eraser.line.dashed.png
sfsymbols: wrote /Applications/novolinelatest/sf-symbols-icons/icons/eraser.slash.png
sfsymbols: wrote /Applications/novolinelatest/sf-symbols-icons/icons/eraser.slash.fill.png
sfsymbols: wrote /Applications/novolinelatest/sf-symbols-icons/icons/square.and.pencil.png
sfsymbols: wrote /Applications/novolinelatest/sf-symbols-icons/icons/scribble.variable.png
sfsymbols: wrote /Applications/novolinelatest/sf-symbols-icons/icons/rectangle.and.pencil.and.ellipsis.png
sfsymbols: wrote /Applications/novolinelatest/sf-symbols-icons/icons/scribble.png
sfsymbols: wrote /Applications/novolinelatest/sf-symbols-icons/icons/square.and.pencil.circle.png
sfsymbols: wrote /Applications/novolinelatest/sf-symbols-icons/icons/square.and.pencil.circle.fill.png
sfsymbols: wrote /Applications/novolinelatest/sf-symbols-icons/icons/pencil.and.scribble.png
